Monitoring boot status for iPhone 17 (91DD8048-BB9A-42E8-8790-90D809267A88).
Device already booted, nothing to do.

› Using --device 91DD8048-BB9A-42E8-8790-90D809267A88
› Planning build
› Executing react-native Pods/hermes-engine » [CP-User] [Hermes] Replace Hermes for the right configuration, if needed
› Executing react-native Pods/ReactNativeDependencies » [CP-User] [RNDeps] Replace React Native Dependencies for the right configuration, if needed
› Executing react-native Pods/React-Core-prebuilt » [CP-User] [RNDeps] Replace React Native Core for the right configuration, if needed
› Preparing Pods/React-cxxreact-React-cxxreact_privacy » ResourceBundle-React-cxxreact_privacy-React-cxxreact-Info.plist
› Preparing Pods/React-Core-React-Core_privacy » ResourceBundle-React-Core_privacy-React-Core-Info.plist
› Executing react-native Pods/React-RCTFBReactNativeSpec » [CP-User] [RN]Check FBReactNativeSpec
› Preparing Pods/RNCAsyncStorage-RNCAsyncStorage_resources » ResourceBundle-RNCAsyncStorage_resources-RNCAsyncStorage-Info.plist
› Preparing FCDownloader/ShareExtension » Info.plist
› Preparing Pods/ExpoMediaLibrary-ExpoMediaLibrary_privacy » ResourceBundle-ExpoMediaLibrary_privacy-ExpoMediaLibrary-Info.plist
› Preparing Pods/ExpoFileSystem-ExpoFileSystem_privacy » ResourceBundle-ExpoFileSystem_privacy-ExpoFileSystem-Info.plist
› Preparing Pods/EXConstants-ExpoConstants_privacy » ResourceBundle-ExpoConstants_privacy-EXConstants-Info.plist
› Preparing expo-constants Pods/EXConstants-EXConstants » ResourceBundle-EXConstants-EXConstants-Info.plist
› Executing expo-constants Pods/EXConstants » [CP-User] Generate app.config for prebuilt Constants.manifest
› Executing FCDownloader » [Expo] Configure project
› Executing FCDownloader » Bundle React Native code and images
› Executing FCDownloader » [CP] Copy Pods Resources
› Preparing FCDownloader » Info.plist
› Signing   FCDownloader » FCDownloader.debug.dylib
› Signing   FCDownloader » __preview.dylib
› Signing   FCDownloader » FCDownloader.app
› Build Succeeded

› 0 error(s), and 0 warning(s)

Starting Metro Bundler

Waiting on http://localhost:8081
› Installing /Users/imac/Library/Developer/Xcode/DerivedData/FCDownloader-erjnhtmwhwljovclbqrkkqjipukm/Build/Products/Debug-iphonesimulator/FCDownloader.app
› Installing on iPhone 17
› Opening on iPhone 17 (com.mabisuuu.fcdownloader)
› Opening com.mabisuuu.fcdownloader://expo-development-client/?url=http%3A%2F%2F192.168.8.145%3A8081 on iPhone 17

› Logs for your project will appear below.
[libapp_launch_measurement.dylib] Failed to send CA Event for app launch
measurements for ca_event_type: 0 event_name:
com.apple.app_launch_measurement.FirstFramePresentationMetric
[libapp_launch_measurement.dylib] Failed to send CA Event for app launch
measurements for ca_event_type: 1 event_name:
com.apple.app_launch_measurement.ExtendedLaunchMetrics
iOS ./index.ts ░░░░░░░░░░░░░░░░  0.0% (0/1)
iOS Bundled 583ms index.ts (824 modules)
[UIKitCore] RCTScrollViewComponentView implements focusItemsInRect: - caching
for linear focus movement is limited as long as this view is on screen.
